> Task :app:compileDebugKotlin FAILED
e: file:///C:/Users/Guruguhan/AndroidStudioProjects/LyricsApp/app/src/main/java/com/guruguhan/lyricsapp/fragments/AllSongsFragment.kt:123:46 Unresolved reference 'value'.

